2025-11-20 02:14:51 - src.masks - DEBUG - Начало маскирования номера карты: <class 'int'>
2025-11-20 02:14:51 - src.masks - DEBUG - Проверка строки на наличие только цифр: 1234567890123456
2025-11-20 02:14:51 - src.masks - INFO - Результат проверки: True
2025-11-20 02:14:51 - src.masks - DEBUG - Длина номера карты: 16
2025-11-20 02:14:51 - src.masks - INFO - Номер карты успешно замаскирован, длина: 16
2025-11-20 02:14:51 - src.masks - DEBUG - Начало маскирования номера карты: <class 'str'>
2025-11-20 02:14:51 - src.masks - DEBUG - Проверка строки на наличие только цифр: 1234567890123456789
2025-11-20 02:14:51 - src.masks - INFO - Результат проверки: True
2025-11-20 02:14:51 - src.masks - DEBUG - Длина номера карты: 19
2025-11-20 02:14:51 - src.masks - DEBUG - Форматирование строки в блоки: text=123456*********6789, block_size=4
2025-11-20 02:14:51 - src.masks - INFO - Результат форматирования: 1234 56** **** ***6 789
2025-11-20 02:14:51 - src.masks - INFO - Номер карты успешно замаскирован, длина: 19
2025-11-20 02:14:51 - src.masks - DEBUG - Начало маскирования номера карты: <class 'str'>
2025-11-20 02:14:51 - src.masks - DEBUG - Проверка строки на наличие только цифр: 1234abcd
2025-11-20 02:14:51 - src.masks - INFO - Результат проверки: False
2025-11-20 02:14:51 - src.masks - ERROR - Номер карты содержит нецифровые символы: 1234abcd
2025-11-20 02:14:51 - src.masks - DEBUG - Начало маскирования номера счета: <class 'int'>
2025-11-20 02:14:51 - src.masks - DEBUG - Проверка строки на наличие только цифр: 123456789
2025-11-20 02:14:51 - src.masks - INFO - Результат проверки: True
2025-11-20 02:14:51 - src.masks - INFO - Номер счета успешно замаскирован, длина: 9
2025-11-20 02:14:51 - src.masks - DEBUG - Начало маскирования номера счета: <class 'int'>
2025-11-20 02:14:51 - src.masks - DEBUG - Проверка строки на наличие только цифр: 321
2025-11-20 02:14:51 - src.masks - INFO - Результат проверки: True
2025-11-20 02:14:51 - src.masks - INFO - Номер счета успешно замаскирован, длина: 3
2025-11-20 02:14:51 - src.masks - DEBUG - Начало маскирования номера карты: <class 'str'>
2025-11-20 02:14:51 - src.masks - DEBUG - Проверка строки на наличие только цифр: 7000792289606361
2025-11-20 02:14:51 - src.masks - INFO - Результат проверки: True
2025-11-20 02:14:51 - src.masks - DEBUG - Длина номера карты: 16
2025-11-20 02:14:51 - src.masks - INFO - Номер карты успешно замаскирован, длина: 16
2025-11-20 02:14:51 - src.masks - DEBUG - Начало маскирования номера карты: <class 'str'>
2025-11-20 02:14:51 - src.masks - DEBUG - Проверка строки на наличие только цифр: 7000792289606361
2025-11-20 02:14:51 - src.masks - INFO - Результат проверки: True
2025-11-20 02:14:51 - src.masks - DEBUG - Длина номера карты: 16
2025-11-20 02:14:51 - src.masks - INFO - Номер карты успешно замаскирован, длина: 16
2025-11-20 02:14:51 - src.masks - DEBUG - Начало маскирования номера карты: <class 'str'>
2025-11-20 02:14:51 - src.masks - DEBUG - Проверка строки на наличие только цифр: 5555555555554444
2025-11-20 02:14:51 - src.masks - INFO - Результат проверки: True
2025-11-20 02:14:51 - src.masks - DEBUG - Длина номера карты: 16
2025-11-20 02:14:51 - src.masks - INFO - Номер карты успешно замаскирован, длина: 16
2025-11-20 02:14:51 - src.masks - DEBUG - Начало маскирования номера счета: <class 'str'>
2025-11-20 02:14:51 - src.masks - DEBUG - Проверка строки на наличие только цифр: 73654108430135874305
2025-11-20 02:14:51 - src.masks - INFO - Результат проверки: True
2025-11-20 02:14:51 - src.masks - INFO - Номер счета успешно замаскирован, длина: 20
2025-11-20 02:14:51 - src.masks - DEBUG - Начало маскирования номера счета: <class 'str'>
2025-11-20 02:14:51 - src.masks - DEBUG - Проверка строки на наличие только цифр: 1234567890123456
2025-11-20 02:14:51 - src.masks - INFO - Результат проверки: True
2025-11-20 02:14:51 - src.masks - INFO - Номер счета успешно замаскирован, длина: 16
2025-11-20 02:14:51 - src.masks - DEBUG - Начало маскирования номера карты: <class 'str'>
2025-11-20 02:14:51 - src.masks - DEBUG - Проверка строки на наличие только цифр: 378282246310005
2025-11-20 02:14:51 - src.masks - INFO - Результат проверки: True
2025-11-20 02:14:51 - src.masks - DEBUG - Длина номера карты: 15
2025-11-20 02:14:51 - src.masks - DEBUG - Форматирование строки в блоки: text=378282*****0005, block_size=4
2025-11-20 02:14:51 - src.masks - INFO - Результат форматирования: 3782 82** ***0 005
2025-11-20 02:14:51 - src.masks - INFO - Номер карты успешно замаскирован, длина: 15
